<?xml version="1.0" encoding="utf-8"?><testsuites name="pytest tests"><testsuite name="pytest" errors="0" failures="11" skipped="1" tests="530" time="7781.480" timestamp="2026-01-04T17:05:05.566772-05:00" hostname="The_Plug"><properties><property name="hypothesis-statistics-tests/test_bidirectional_codec.py::TestRoundTripFidelity::test_roundtrip_property_any_depth" value="dGVzdHMvdGVzdF9iaWRpcmVjdGlvbmFsX2NvZGVjLnB5OjpUZXN0Um91bmRUcmlwRmlkZWxpdHk6OnRlc3Rfcm91bmR0cmlwX3Byb3BlcnR5X2FueV9kZXB0aDoKCiAgLSBkdXJpbmcgZ2VuZXJhdGUgcGhhc2UgKDUuMzggc2Vjb25kcyk6CiAgICAtIFR5cGljYWwgcnVudGltZXM6IH4gNi0xMCBtcywgb2Ygd2hpY2ggPCAxbXMgaW4gZGF0YSBnZW5lcmF0aW9uCiAgICAtIDggcGFzc2luZyBleGFtcGxlcywgMCBmYWlsaW5nIGV4YW1wbGVzLCAwIGludmFsaWQgZXhhbXBsZXMKCiAgLSBTdG9wcGVkIGJlY2F1c2Ugbm90aGluZyBsZWZ0IHRvIGRv" /><property name="hypothesis-statistics-tests/test_bidirectional_codec.py::TestRoundTripFidelity::test_roundtrip_property_any_value" value="dGVzdHMvdGVzdF9iaWRpcmVjdGlvbmFsX2NvZGVjLnB5OjpUZXN0Um91bmRUcmlwRmlkZWxpdHk6OnRlc3Rfcm91bmR0cmlwX3Byb3BlcnR5X2FueV92YWx1ZToKCiAgLSBkdXJpbmcgcmV1c2UgcGhhc2UgKDAuMDkgc2Vjb25kcyk6CiAgICAtIFR5cGljYWwgcnVudGltZXM6IH4gODdtcywgb2Ygd2hpY2ggPCAxbXMgaW4gZGF0YSBnZW5lcmF0aW9uCiAgICAtIDAgcGFzc2luZyBleGFtcGxlcywgMSBmYWlsaW5nIGV4YW1wbGVzLCAwIGludmFsaWQgZXhhbXBsZXMKICAgIC0gRm91bmQgMSBkaXN0aW5jdCBlcnJvciBpbiB0aGlzIHBoYXNlCgogIC0gU3RvcHBlZCBiZWNhdXNlIG5vdGhpbmcgbGVmdCB0byBkbw==" /></properties><testcase classname="tests.test_advanced_analogy_integration.TestAnalyticsCollector" name="test_record_single_query" time="0.491" /><testcase classname="tests.test_advanced_analogy_integration.TestAnalyticsCollector" name="test_analytics_deque_respects_max_history" time="0.018" /><testcase classname="tests.test_advanced_analogy_integration.TestAnalyticsCollector" name="test_get_snapshot_empty" time="0.004" /><testcase classname="tests.test_advanced_analogy_integration.TestAnalyticsCollector" name="test_get_snapshot_with_queries" time="0.007" /><testcase classname="tests.test_advanced_analogy_integration.TestAnalyticsCollector" name="test_cache_statistics_tracking" time="0.004" /><testcase classname="tests.test_advanced_analogy_integration.TestAnalyticsCollector" name="test_method_statistics_tracking" time="0.004" /><testcase classname="tests.test_advanced_analogy_integration.TestAnalyticsCollector" name="test_export_analytics" time="0.027" /><testcase classname="tests.test_advanced_analogy_integration.TestAnalyticsCollector" name="test_clear_analytics" time="0.004" /><testcase classname="tests.test_advanced_analogy_integration.TestFeedbackLoop" name="test_record_feedback_positive" time="0.003" /><testcase classname="tests.test_advanced_analogy_integration.TestFeedbackLoop" name="test_record_feedback_negative" time="0.004" /><testcase classname="tests.test_advanced_analogy_integration.TestFeedbackLoop" name="test_feedback_buffer_max_size" time="0.007" /><testcase classname="tests.test_advanced_analogy_integration.TestFeedbackLoop" name="test_performance_history_tracking" time="0.004" /><testcase classname="tests.test_advanced_analogy_integration.TestFeedbackLoop" name="test_trigger_optimization_with_callbacks" time="0.005" /><testcase classname="tests.test_advanced_analogy_integration.TestFeedbackLoop" name="test_get_effectiveness_empty" time="0.004" /><testcase classname="tests.test_advanced_analogy_integration.TestFeedbackLoop" name="test_get_effectiveness_with_data" time="0.004" /><testcase classname="tests.test_advanced_analogy_integration.TestSystemIntelligence" name="test_record_query_execution" time="0.004" /><testcase classname="tests.test_advanced_analogy_integration.TestSystemIntelligence" name="test_submit_user_feedback" time="0.004" /><testcase classname="tests.test_advanced_analogy_integration.TestSystemIntelligence" name="test_generate_recommendations_empty" time="0.004" /><testcase classname="tests.test_advanced_analogy_integration.TestSystemIntelligence" name="test_generate_recommendations_low_cache_hit" time="0.006" /><testcase classname="tests.test_advanced_analogy_integration.TestSystemIntelligence" name="test_generate_recommendations_high_latency" time="0.005" /><testcase classname="tests.test_advanced_analogy_integration.TestSystemIntelligence" name="test_get_system_health_empty" time="0.004" /><testcase classname="tests.test_advanced_analogy_integration.TestSystemIntelligence" name="test_get_system_health_good" time="0.005" /><testcase classname="tests.test_advanced_analogy_integration.TestSystemIntelligence" name="test_export_system_report" time="0.017" /><testcase classname="tests.test_advanced_analogy_integration.TestEndToEndIntegration" name="test_full_workflow_with_analytics_and_feedback" time="0.008" /><testcase classname="tests.test_advanced_analogy_integration.TestEndToEndIntegration" name="test_analytics_driven_optimization" time="0.006" /><testcase classname="tests.test_advanced_analogy_integration.TestEndToEndIntegration" name="test_feedback_triggered_relearning" time="0.004" /><testcase classname="tests.test_advanced_analogy_integration.TestEndToEndIntegration" name="test_multi_method_analytics_tracking" time="0.005" /><testcase classname="tests.test_advanced_analogy_integration.TestEndToEndIntegration" name="test_system_persistence_across_sessions" time="0.024" /><testcase classname="tests.test_advanced_analogy_integration.TestStressAndEdgeCases" name="test_high_volume_analytics" time="0.096" /><testcase classname="tests.test_advanced_analogy_integration.TestStressAndEdgeCases" name="test_extreme_confidence_values" time="0.003" /><testcase classname="tests.test_advanced_analogy_integration.TestStressAndEdgeCases" name="test_extreme_latency_values" time="0.004" /><testcase classname="tests.test_advanced_analogy_integration.TestStressAndEdgeCases" name="test_all_failed_queries" time="0.003" /><testcase classname="tests.test_advanced_analogy_integration.TestStressAndEdgeCases" name="test_all_successful_queries" time="0.004" /><testcase classname="tests.test_advanced_analogy_patterns.TestAnalogyCachingLayer" name="test_cache_initialization" time="0.003" /><testcase classname="tests.test_advanced_analogy_patterns.TestAnalogyCachingLayer" name="test_cache_hit_and_miss" time="0.003" /><testcase classname="tests.test_advanced_analogy_patterns.TestAnalogyCachingLayer" name="test_cache_lru_eviction" time="0.004" /><testcase classname="tests.test_advanced_analogy_patterns.TestAnalogyCachingLayer" name="test_cache_ttl_expiration" time="1.104" /><testcase classname="tests.test_advanced_analogy_patterns.TestAnalogyCachingLayer" name="test_cache_statistics" time="0.006" /><testcase classname="tests.test_advanced_analogy_patterns.TestAnalogyCachingLayer" name="test_cache_clear" time="0.004" /><testcase classname="tests.test_advanced_analogy_patterns.TestAnalogyCachingLayer" name="test_cache_capacity_exceeded" time="0.005" /><testcase classname="tests.test_advanced_analogy_patterns.TestAnalogyCachingLayer" name="test_cache_performance_improvement" time="0.004" /><testcase classname="tests.test_advanced_analogy_patterns.TestFuzzyAnalogyMatcher" name="test_fuzzy_matching_basic" time="0.004" /><testcase classname="tests.test_advanced_analogy_patterns.TestFuzzyAnalogyMatcher" name="test_similarity_threshold_adjustment" time="0.004" /><testcase classname="tests.test_advanced_analogy_patterns.TestFuzzyAnalogyMatcher" name="test_approximate_answer_finding" time="0.004" /><testcase classname="tests.test_advanced_analogy_patterns.TestFuzzyAnalogyMatcher" name="test_analogy_quality_grading" time="0.004" /><testcase classname="tests.test_advanced_analogy_patterns.TestFuzzyAnalogyMatcher" name="test_fuzzy_vs_exact_comparison" time="0.003" /><testcase classname="tests.test_advanced_analogy_patterns.TestFuzzyAnalogyMatcher" name="test_tolerance_parameter" time="0.004" /><testcase classname="tests.test_advanced_analogy_patterns.TestFuzzyAnalogyMatcher" name="test_fuzzy_edge_cases" time="0.003" /><testcase classname="tests.test_advanced_analogy_patterns.TestInverseAnalogyResolver" name="test_find_first_element" time="0.177" /><testcase classname="tests.test_advanced_analogy_patterns.TestInverseAnalogyResolver" name="test_find_second_element" time="0.172" /><testcase classname="tests.test_advanced_analogy_patterns.TestInverseAnalogyResolver" name="test_find_third_element" time="0.172" /><testcase classname="tests.test_advanced_analogy_patterns.TestInverseAnalogyResolver" name="test_find_fourth_element" time="0.182" /><testcase classname="tests.test_advanced_analogy_patterns.TestInverseAnalogyResolver" name="test_inverse_with_multiple_solutions" time="0.189" /><testcase classname="tests.test_advanced_analogy_patterns.TestInverseAnalogyResolver" name="test_inverse_convergence" time="0.176" /><testcase classname="tests.test_advanced_analogy_patterns.TestInverseAnalogyResolver" name="test_find_any_element_validation" time="0.174" /><testcase classname="tests.test_advanced_analogy_patterns.TestAnalogyChainingEngine" name="test_chain_two_elements" time="0.179" /><testcase classname="tests.test_advanced_analogy_patterns.TestAnalogyChainingEngine" name="test_chain_three_elements" time="0.178" /><testcase classname="tests.test_advanced_analogy_patterns.TestAnalogyChainingEngine" name="test_chain_consistency_validation" time="0.170" /><testcase classname="tests.test_advanced_analogy_patterns.TestAnalogyChainingEngine" name="test_chain_with_conflicting_paths" time="0.174" /><testcase classname="tests.test_advanced_analogy_patterns.TestAnalogyChainingEngine" name="test_chain_latency_scaling" time="0.170" /><testcase classname="tests.test_advanced_analogy_patterns.TestAnalogyChainingEngine" name="test_chain_accuracy_degradation" time="0.189" /><testcase classname="tests.test_advanced_analogy_patterns.TestAnalogyCompositionEngine" name="test_compose_two_analogies" time="0.178"><failure message="ModuleNotFoundError: No module named 'core.advanced_analogy_patterns'">tests\test_advanced_analogy_patterns.py:450: in test_compose_two_analogies
    from core.advanced_analogy_patterns import CompositeAnalogyResult
E   ModuleNotFoundError: No module named 'core.advanced_analogy_patterns'</failure></testcase><testcase classname="tests.test_advanced_analogy_patterns.TestAnalogyCompositionEngine" name="test_pattern_creation" time="0.173" /><testcase classname="tests.test_advanced_analogy_patterns.TestAnalogyCompositionEngine" name="test_composite_pattern_solving" time="0.172"><failure message="ModuleNotFoundError: No module named 'core.advanced_analogy_patterns'">tests\test_advanced_analogy_patterns.py:468: in test_composite_pattern_solving
    from core.advanced_analogy_patterns import CompositeAnalogyResult
E   ModuleNotFoundError: No module named 'core.advanced_analogy_patterns'</failure></testcase><testcase classname="tests.test_advanced_analogy_patterns.TestAnalogyCompositionEngine" name="test_pattern_chaining" time="0.179" /><testcase classname="tests.test_advanced_analogy_patterns.TestAnalogyCompositionEngine" name="test_composition_accuracy" time="0.180"><failure message="ModuleNotFoundError: No module named 'core.advanced_analogy_patterns'">tests\test_advanced_analogy_patterns.py:493: in test_composition_accuracy
    from core.advanced_analogy_patterns import CompositeAnalogyResult
E   ModuleNotFoundError: No module named 'core.advanced_analogy_patterns'</failure></testcase><testcase classname="tests.test_advanced_analogy_patterns.TestAnalogyCompositionEngine" name="test_composition_scalability" time="0.175" /><testcase classname="tests.test_advanced_analogy_patterns.TestAnalogyCatalog" name="test_pattern_registration" time="0.178" /><testcase classname="tests.test_advanced_analogy_patterns.TestAnalogyCatalog" name="test_pattern_discovery" time="0.173" /><testcase classname="tests.test_advanced_analogy_patterns.TestAnalogyCatalog" name="test_catalog_persistence" time="0.183" /><testcase classname="tests.test_advanced_analogy_patterns.TestAnalogyCatalog" name="test_catalog_search" time="0.176" /><testcase classname="tests.test_advanced_analogy_patterns.TestAnalogySolver" name="test_unified_interface" time="0.171"><failure message="ModuleNotFoundError: No module named 'core.analogy_composition'">tests\test_advanced_analogy_patterns.py:564: in test_unified_interface
    from core.analogy_composition import CompositeAnalogyQuery
E   ModuleNotFoundError: No module named 'core.analogy_composition'</failure></testcase><testcase classname="tests.test_advanced_analogy_patterns.TestAnalogySolver" name="test_batch_solving" time="0.174"><failure message="ModuleNotFoundError: No module named 'core.analogy_composition'">tests\test_advanced_analogy_patterns.py:572: in test_batch_solving
    from core.analogy_composition import CompositeAnalogyQuery
E   ModuleNotFoundError: No module named 'core.analogy_composition'</failure></testcase><testcase classname="tests.test_advanced_analogy_patterns.TestAnalogySolver" name="test_interactive_solving" time="0.182" /><testcase classname="tests.test_advanced_analogy_patterns" name="test_cache_with_various_analogies[king-man-queen-str]" time="0.005" /><testcase classname="tests.test_advanced_analogy_patterns" name="test_cache_with_various_analogies[prince-boy-princess-str]" time="0.005" /><testcase classname="tests.test_advanced_analogy_patterns" name="test_cache_with_various_analogies[father-man-mother-str]" time="0.006" /><testcase classname="tests.test_advanced_analogy_patterns" name="test_fuzzy_matcher_thresholds[0.0]" time="0.004" /><testcase classname="tests.test_advanced_analogy_patterns" name="test_fuzzy_matcher_thresholds[0.3]" time="0.005" /><testcase classname="tests.test_advanced_analogy_patterns" name="test_fuzzy_matcher_thresholds[0.6]" time="0.004" /><testcase classname="tests.test_advanced_analogy_patterns" name="test_fuzzy_matcher_thresholds[0.9]" time="0.005" /><testcase classname="tests.test_advanced_analogy_patterns" name="test_chaining_various_lengths[2]" time="0.184" /><testcase classname="tests.test_advanced_analogy_patterns" name="test_chaining_various_lengths[3]" time="0.181" /><testcase classname="tests.test_advanced_analogy_patterns" name="test_chaining_various_lengths[4]" time="0.190" /><testcase classname="tests.test_advanced_analogy_patterns" name="test_chaining_various_lengths[5]" time="0.203" /><testcase classname="tests.test_analytics_engine.TestMetricType" name="test_metric_type_values" time="0.003" /><testcase classname="tests.test_analytics_engine.TestMetricType" name="test_metric_type_count" time="0.003" /><testcase classname="tests.test_analytics_engine.TestAggregationType" name="test_aggregation_type_values" time="0.003" /><testcase classname="tests.test_analytics_engine.TestAlertSeverity" name="test_alert_severity_values" time="0.003" /><testcase classname="tests.test_analytics_engine.TestExportFormat" name="test_export_format_values" time="0.003" /><testcase classname="tests.test_analytics_engine.TestMetricPoint" name="test_metric_point_creation" time="0.003" /><testcase classname="tests.test_analytics_engine.TestMetricPoint" name="test_metric_point_with_labels" time="0.004" /><testcase classname="tests.test_analytics_engine.TestMetricPoint" name="test_metric_point_with_type" time="0.003" /><testcase classname="tests.test_analytics_engine.TestMetricPoint" name="test_metric_point_to_dict" time="0.003" /><testcase classname="tests.test_analytics_engine.TestMetricPoint" name="test_metric_point_from_dict" time="0.004" /><testcase classname="tests.test_analytics_engine.TestAggregatedMetric" name="test_aggregated_metric_creation" time="0.003" /><testcase classname="tests.test_analytics_engine.TestAggregatedMetric" name="test_aggregated_metric_to_dict" time="0.003" /><testcase classname="tests.test_analytics_engine.TestAlert" name="test_alert_creation" time="0.003" /><testcase classname="tests.test_analytics_engine.TestAlert" name="test_alert_to_dict" time="0.003" /><testcase classname="tests.test_analytics_engine.TestAlertRule" name="test_alert_rule_greater_than" time="0.004" /><testcase classname="tests.test_analytics_engine.TestAlertRule" name="test_alert_rule_less_than" time="0.004" /><testcase classname="tests.test_analytics_engine.TestAlertRule" name="test_alert_rule_greater_equal" time="0.004" /><testcase classname="tests.test_analytics_engine.TestAlertRule" name="test_alert_rule_equal" time="0.003" /><testcase classname="tests.test_analytics_engine.TestResourceUsage" name="test_resource_usage_creation" time="0.004" /><testcase classname="tests.test_analytics_engine.TestResourceUsage" name="test_resource_usage_to_dict" time="0.003" /><testcase classname="tests.test_analytics_engine.TestTimeSeriesStore" name="test_store_creation" time="0.004" /><testcase classname="tests.test_analytics_engine.TestTimeSeriesStore" name="test_add_and_get_latest" time="0.004" /><testcase classname="tests.test_analytics_engine.TestTimeSeriesStore" name="test_get_range" time="0.004" /><testcase classname="tests.test_analytics_engine.TestTimeSeriesStore" name="test_get_nonexistent_metric" time="0.004" /><testcase classname="tests.test_analytics_engine.TestTimeSeriesStore" name="test_get_all_metrics" time="0.004" /><testcase classname="tests.test_analytics_engine.TestTimeSeriesStore" name="test_get_count" time="0.004" /><testcase classname="tests.test_analytics_engine.TestTimeSeriesStore" name="test_clear" time="0.004" /><testcase classname="tests.test_analytics_engine.TestTimeSeriesStore" name="test_with_labels" time="0.005" /><testcase classname="tests.test_analytics_engine.TestTimeSeriesStore" name="test_max_points_limit" time="0.004" /><testcase classname="tests.test_analytics_engine.TestTimeSeriesStore" name="test_thread_safety" time="0.019" /><testcase classname="tests.test_analytics_engine.TestMetricsCollector" name="test_record_counter" time="0.004" /><testcase classname="tests.test_analytics_engine.TestMetricsCollector" name="test_record_gauge" time="0.005" /><testcase classname="tests.test_analytics_engine.TestMetricsCollector" name="test_record_histogram" time="0.005" /><testcase classname="tests.test_analytics_engine.TestMetricsCollector" name="test_record_timer" time="0.005" /><testcase classname="tests.test_analytics_engine.TestMetricsCollector" name="test_record_rate" time="0.004" /><testcase classname="tests.test_analytics_engine.TestMetricsCollector" name="test_time_operation_context_manager" time="0.056" /><testcase classname="tests.test_analytics_engine.TestMetricsCollector" name="test_counter_with_labels" time="0.005" /><testcase classname="tests.test_analytics_engine.TestMetricsCollector" name="test_collect_resource_usage" time="0.773" /><testcase classname="tests.test_analytics_engine.TestMetricsCollector" name="test_get_resource_history" time="3.657" /><testcase classname="tests.test_analytics_engine.TestMetricsCollector" name="test_histogram_percentile_nonexistent" time="0.004" /><testcase classname="tests.test_analytics_engine.TestTimerContext" name="test_timer_context_records_duration" time="0.015" /><testcase classname="tests.test_analytics_engine.TestTimerContext" name="test_timer_context_start_time" time="0.004" /><testcase classname="tests.test_analytics_engine.TestMetricsAggregator" name="test_aggregate_basic" time="0.014" /><testcase classname="tests.test_analytics_engine.TestMetricsAggregator" name="test_aggregate_empty" time="0.005" /><testcase classname="tests.test_analytics_engine.TestMetricsAggregator" name="test_aggregate_multiple" time="0.004" /><testcase classname="tests.test_analytics_engine.TestMetricsAggregator" name="test_calculate_rate_of_change" time="0.004" /><testcase classname="tests.test_analytics_engine.TestMetricsAggregator" name="test_rate_of_change_insufficient_data" time="0.004" /><testcase classname="tests.test_analytics_engine.TestMetricsAggregator" name="test_detect_anomaly" time="0.005" /><testcase classname="tests.test_analytics_engine.TestMetricsAggregator" name="test_percentile_calculation" time="0.006" /><testcase classname="tests.test_analytics_engine.TestAnalyticsDashboard" name="test_summary" time="0.005" /><testcase classname="tests.test_analytics_engine.TestAnalyticsDashboard" name="test_check_alerts_triggers" time="0.005" /><testcase classname="tests.test_analytics_engine.TestAnalyticsDashboard" name="test_check_alerts_no_trigger" time="0.005" /><testcase classname="tests.test_analytics_engine.TestAnalyticsDashboard" name="test_alert_cooldown" time="0.005" /><testcase classname="tests.test_analytics_engine.TestAnalyticsDashboard" name="test_get_alerts_filtered" time="0.005" /><testcase classname="tests.test_analytics_engine.TestAnalyticsDashboard" name="test_clear_alerts" time="0.005" /><testcase classname="tests.test_analytics_engine.TestAnalyticsDashboard" name="test_export_json" time="0.005" /><testcase classname="tests.test_analytics_engine.TestAnalyticsDashboard" name="test_export_csv" time="0.005" /><testcase classname="tests.test_analytics_engine.TestAnalyticsDashboard" name="test_export_prometheus" time="0.005" /><testcase classname="tests.test_analytics_engine.TestAnalyticsDashboard" name="test_get_health_status_healthy" time="0.005" /><testcase classname="tests.test_analytics_engine.TestAnalyticsDashboard" name="test_get_health_status_warning" time="0.005" /><testcase classname="tests.test_analytics_engine.TestAnalyticsDashboard" name="test_get_health_status_critical" time="0.005" /><testcase classname="tests.test_analytics_engine.TestAnalyticsEngine" name="test_engine_creation" time="0.004" /><testcase classname="tests.test_analytics_engine.TestAnalyticsEngine" name="test_record_latency" time="0.004" /><testcase classname="tests.test_analytics_engine.TestAnalyticsEngine" name="test_record_throughput" time="0.003" /><testcase classname="tests.test_analytics_engine.TestAnalyticsEngine" name="test_record_counter" time="0.004" /><testcase classname="tests.test_analytics_engine.TestAnalyticsEngine" name="test_record_gauge" time="0.004" /><testcase classname="tests.test_analytics_engine.TestAnalyticsEngine" name="test_time_operation" time="0.014" /><testcase classname="tests.test_analytics_engine.TestAnalyticsEngine" name="test_get_summary" time="0.005" /><testcase classname="tests.test_analytics_engine.TestAnalyticsEngine" name="test_get_aggregation" time="0.004" /><testcase classname="tests.test_analytics_engine.TestAnalyticsEngine" name="test_check_alerts" time="0.004" /><testcase classname="tests.test_analytics_engine.TestAnalyticsEngine" name="test_export" time="0.004" /><testcase classname="tests.test_analytics_engine.TestAnalyticsEngine" name="test_get_health" time="0.004" /><testcase classname="tests.test_analytics_engine.TestAnalyticsEngine" name="test_add_alert_rule" time="0.004" /><testcase classname="tests.test_analytics_engine.TestConvenienceFunctions" name="test_create_analytics_engine" time="0.003" /><testcase classname="tests.test_analytics_engine.TestConvenienceFunctions" name="test_create_analytics_engine_with_aggregation_window" time="0.003" /><testcase classname="tests.test_analytics_engine.TestConvenienceFunctions" name="test_create_default_alert_rules" time="0.003" /><testcase classname="tests.test_analytics_engine.TestIntegrationScenarios" name="test_full_metrics_workflow" time="0.009" /><testcase classname="tests.test_analytics_engine.TestIntegrationScenarios" name="test_alerting_workflow" time="0.003" /><testcase classname="tests.test_analytics_engine.TestIntegrationScenarios" name="test_multi_metric_analysis" time="0.006" /><testcase classname="tests.test_analytics_engine.TestIntegrationScenarios" name="test_concurrent_metrics_collection" time="0.041" /><testcase classname="tests.test_analytics_engine.TestIntegrationScenarios" name="test_export_formats_consistency" time="0.003" /><testcase classname="tests.test_api_server.TestEncodeModels" name="test_encode_request_defaults" time="0.012" /><testcase classname="tests.test_api_server.TestEncodeModels" name="test_encode_request_batch" time="0.003" /><testcase classname="tests.test_api_server.TestEncodeModels" name="test_encode_response" time="0.003" /><testcase classname="tests.test_api_server.TestAnalogyModels" name="test_analogy_request" time="0.003" /><testcase classname="tests.test_api_server.TestAnalogyModels" name="test_analogy_solution" time="0.003" /><testcase classname="tests.test_api_server.TestAnalogyModels" name="test_analogy_response" time="0.003" /><testcase classname="tests.test_api_server.TestSearchModels" name="test_search_request" time="0.003" /><testcase classname="tests.test_api_server.TestSearchModels" name="test_search_result" time="0.003" /><testcase classname="tests.test_api_server.TestSearchModels" name="test_search_response" time="0.003" /><testcase classname="tests.test_api_server.TestEntityModels" name="test_extracted_entity" time="0.003" /><testcase classname="tests.test_api_server.TestEntityModels" name="test_extracted_relation" time="0.004" /><testcase classname="tests.test_api_server.TestHealthModels" name="test_health_response" time="0.003" /><testcase classname="tests.test_api_server.TestHealthModels" name="test_info_response" time="0.003" /><testcase classname="tests.test_api_server.TestErrorModels" name="test_create_error_response" time="0.003" /><testcase classname="tests.test_api_server.TestEncoderService" name="test_encoder_service_init" time="0.004" /><testcase classname="tests.test_api_server.TestEncoderService" name="test_encoder_service_initialize" time="0.009" /><testcase classname="tests.test_api_server.TestEncoderService" name="test_encoder_service_encode" time="0.010"><skipped type="pytest.skip" message="Encoder not available">C:\Users\sgbil\sigmalang\tests\test_api_server.py:285: Encoder not available</skipped></testcase><testcase classname="tests.test_api_server.TestEncoderService" name="test_encoder_service_health" time="0.010" /><testcase classname="tests.test_api_server.TestAnalogyService" name="test_analogy_service_init" time="0.003" /><testcase classname="tests.test_api_server.TestAnalogyService" name="test_analogy_service_solve" time="0.179" /><testcase classname="tests.test_api_server.TestAnalogyService" name="test_analogy_service_explain" time="0.166" /><testcase classname="tests.test_api_server.TestSearchService" name="test_search_service_init" time="0.003" /><testcase classname="tests.test_api_server.TestSearchService" name="test_search_service_search" time="0.161" /><testcase classname="tests.test_api_server.TestNLPService" name="test_nlp_service_init" time="0.003" /><testcase classname="tests.test_api_server.TestNLPService" name="test_nlp_service_embed" time="0.192" /><testcase classname="tests.test_api_server.TestNLPService" name="test_nlp_service_similarity" time="0.198" /><testcase classname="tests.test_api_server.TestSigmalangAPI" name="test_api_init" time="0.508" /><testcase classname="tests.test_api_server.TestSigmalangAPI" name="test_api_health" time="0.481" /><testcase classname="tests.test_api_server.TestSigmalangAPI" name="test_api_info" time="0.482" /><testcase classname="tests.test_api_server.TestSigmalangAPI" name="test_api_metrics" time="0.478" /><testcase classname="tests.test_api_server.TestSigmalangAPI" name="test_api_encode" time="0.484" /><testcase classname="tests.test_api_server.TestSigmalangAPI" name="test_api_encode_batch" time="0.492" /><testcase classname="tests.test_api_server.TestSigmalangAPI" name="test_api_solve_analogy" time="0.483" /><testcase classname="tests.test_api_server.TestSigmalangAPI" name="test_api_solve_analogy_with_verification" time="0.500" /><testcase classname="tests.test_api_server.TestSigmalangAPI" name="test_api_explain_analogy" time="0.504" /><testcase classname="tests.test_api_server.TestSigmalangAPI" name="test_api_search" time="0.503" /><testcase classname="tests.test_api_server.TestSigmalangAPI" name="test_api_search_no_corpus" time="0.512" /><testcase classname="tests.test_api_server.TestSigmalangAPI" name="test_api_extract_entities" time="0.511" /><testcase classname="tests.test_api_server.TestSigmalangAPI" name="test_api_embeddings" time="0.503" /><testcase classname="tests.test_api_server.TestSigmalangAPI" name="test_api_embeddings_batch" time="0.519" /><testcase classname="tests.test_api_server.TestSigmalangAPI" name="test_api_similarity" time="0.505" /><testcase classname="tests.test_api_server.TestSigmalangAPI" name="test_api_shutdown" time="0.483" /><testcase classname="tests.test_api_server.TestAPIFactory" name="test_get_api_creates_instance" time="0.005"><failure message="ModuleNotFoundError: No module named 'core.api_server'">tests\test_api_server.py:563: in test_get_api_creates_instance
    import core.api_server as api_module
E   ModuleNotFoundError: No module named 'core.api_server'</failure></testcase><testcase classname="tests.test_api_server.TestAPIFactory" name="test_create_api_custom_config" time="0.205" /><testcase classname="tests.test_api_server.TestAPIIntegration" name="test_encode_decode_roundtrip" time="0.482" /><testcase classname="tests.test_api_server.TestAPIIntegration" name="test_analogy_pipeline" time="0.500" /><testcase classname="tests.test_api_server.TestAPIPerformance" name="test_encode_latency" time="0.501" /><testcase classname="tests.test_api_server.TestAPIPerformance" name="test_health_check_latency" time="0.490" /><testcase classname="tests.test_bidirectional_codec.TestTreeSnapshot" name="test_snapshot_creation" time="0.004" /><testcase classname="tests.test_bidirectional_codec.TestTreeSnapshot" name="test_snapshot_consistency" time="0.004" /><testcase classname="tests.test_bidirectional_codec.TestTreeSnapshot" name="test_snapshot_differentiates_trees" time="0.004" /><testcase classname="tests.test_bidirectional_codec.TestTreeDiff" name="test_identical_trees_no_diff" time="0.004" /><testcase classname="tests.test_bidirectional_codec.TestTreeDiff" name="test_primitive_mismatch_detected" time="0.003" /><testcase classname="tests.test_bidirectional_codec.TestTreeDiff" name="test_value_mismatch_detected" time="0.003" /><testcase classname="tests.test_bidirectional_codec.TestTreeDiff" name="test_child_count_mismatch_detected" time="0.003" /><testcase classname="tests.test_bidirectional_codec.TestBidirectionalCodec" name="test_codec_simple_roundtrip" time="0.013" /><testcase classname="tests.test_bidirectional_codec.TestBidirectionalCodec" name="test_codec_complex_roundtrip" time="0.014" /><testcase classname="tests.test_bidirectional_codec.TestBidirectionalCodec" name="test_codec_deep_tree_roundtrip" time="0.012" /><testcase classname="tests.test_bidirectional_codec.TestBidirectionalCodec" name="test_codec_wide_tree_roundtrip" time="0.028" /><testcase classname="tests.test_bidirectional_codec.TestBidirectionalCodec" name="test_codec_fallback_to_lossless" time="0.012" /><testcase classname="tests.test_bidirectional_codec.TestBidirectionalCodec" name="test_codec_statistics_tracking" time="0.017" /><testcase classname="tests.test_bidirectional_codec.TestEncodingResult" name="test_encoding_result_creation" time="0.012" /><testcase classname="tests.test_bidirectional_codec.TestEncodingResult" name="test_encoding_result_has_diagnostics" time="0.012" /><testcase classname="tests.test_bidirectional_codec.TestAdaptiveCompressor" name="test_adaptive_compression_simple" time="0.012" /><testcase classname="tests.test_bidirectional_codec.TestAdaptiveCompressor" name="test_adaptive_compression_complex" time="0.013" /><testcase classname="tests.test_bidirectional_codec.TestAdaptiveCompressor" name="test_adaptive_compression_fallback_to_raw" time="0.011" /><testcase classname="tests.test_bidirectional_codec.TestCompressionModes" name="test_compression_mode_enum" time="0.003" /><testcase classname="tests.test_bidirectional_codec.TestCompressionModes" name="test_encoding_result_mode_tracking" time="0.012" /><testcase classname="tests.test_bidirectional_codec.TestRoundTripFidelity" name="test_roundtrip_various_complexities[2-2]" time="0.013" /><testcase classname="tests.test_bidirectional_codec.TestRoundTripFidelity" name="test_roundtrip_various_complexities[5-3]" time="0.012" /><testcase classname="tests.test_bidirectional_codec.TestRoundTripFidelity" name="test_roundtrip_various_complexities[8-5]" time="0.012" /><testcase classname="tests.test_bidirectional_codec.TestRoundTripFidelity" name="test_roundtrip_various_complexities[10-2]" time="0.012" /><testcase classname="tests.test_bidirectional_codec.TestRoundTripFidelity" name="test_roundtrip_property_any_depth" time="5.399" /><testcase classname="tests.test_bidirectional_codec.TestRoundTripFidelity" name="test_roundtrip_property_any_value" time="0.303"><failure message="ZeroDivisionError: division by zero&#10;Falsifying example: test_roundtrip_property_any_value(&#10;    self=&lt;tests.test_bidirectional_codec.TestRoundTripFidelity object at 0x0000017D03CD7AC0&gt;,&#10;    text_value='',&#10;)">sigmalang\core\bidirectional_codec.py:244: in encode_with_verification
    compression_ratio=len(encoded) / len(tree.source_text.encode('utf-8')),
                      ^^^^^^^^^^^^^^^^^^^^^^^^^^^^^^^^^^^^^^^^^^^^^^^^^^^^
E   ZeroDivisionError: division by zero

During handling of the above exception, another exception occurred:
tests\test_bidirectional_codec.py:374: in test_roundtrip_property_any_value
    @pytest.mark.unit
               ^^^^^^^
tests\test_bidirectional_codec.py:389: in test_roundtrip_property_any_value
    result = codec.encode_with_verification(tree)
             ^^^^^^^^^^^^^^^^^^^^^^^^^^^^^^^^^^^^
sigmalang\core\bidirectional_codec.py:317: in encode_with_verification
    compression_ratio=len(encoded) / len(tree.source_text.encode('utf-8')),
                      ^^^^^^^^^^^^^^^^^^^^^^^^^^^^^^^^^^^^^^^^^^^^^^^^^^^^
E   ZeroDivisionError: division by zero
E   Falsifying example: test_roundtrip_property_any_value(
E       self=&lt;tests.test_bidirectional_codec.TestRoundTripFidelity object at 0x0000017D03CD7AC0&gt;,
E       text_value='',
E   )</failure></testcase><testcase classname="tests.test_cli.TestCLIContext" name="test_context_creation" time="0.003" /><testcase classname="tests.test_cli.TestCLIContext" name="test_context_verbose" time="0.004" /><testcase classname="tests.test_cli.TestCLIContext" name="test_context_quiet" time="0.003" /><testcase classname="tests.test_cli.TestCLIContext" name="test_context_json_format" time="0.003" /><testcase classname="tests.test_cli.TestCLIContext" name="test_context_with_config_path" time="0.003" /><testcase classname="tests.test_cli.TestMainCLI" name="test_cli_help" time="0.024" /><testcase classname="tests.test_cli.TestMainCLI" name="test_cli_version" time="0.006" /><testcase classname="tests.test_cli.TestMainCLI" name="test_cli_no_command" time="0.009" /><testcase classname="tests.test_cli.TestMainCLI" name="test_cli_verbose_flag" time="0.009" /><testcase classname="tests.test_cli.TestMainCLI" name="test_cli_quiet_flag" time="0.009" /><testcase classname="tests.test_cli.TestMainCLI" name="test_cli_json_format" time="0.010" /><testcase classname="tests.test_cli.TestEncodeCommand" name="test_encode_help" time="0.010" /><testcase classname="tests.test_cli.TestEncodeCommand" name="test_encode_no_input" time="0.008" /><testcase classname="tests.test_cli.TestEncodeCommand" name="test_encode_text_argument" time="0.026"><failure message="AttributeError: module 'core' has no attribute 'cli'">..\AppData\Local\Programs\Python\Python313\Lib\unittest\mock.py:1423: in patched
    with self.decoration_helper(patched,
..\AppData\Local\Programs\Python\Python313\Lib\contextlib.py:141: in __enter__
    return next(self.gen)
           ^^^^^^^^^^^^^^
..\AppData\Local\Programs\Python\Python313\Lib\unittest\mock.py:1405: in decoration_helper
    arg = exit_stack.enter_context(patching)
          ^^^^^^^^^^^^^^^^^^^^^^^^^^^^^^^^^^
..\AppData\Local\Programs\Python\Python313\Lib\contextlib.py:530: in enter_context
    result = _enter(cm)
             ^^^^^^^^^^
..\AppData\Local\Programs\Python\Python313\Lib\unittest\mock.py:1481: in __enter__
    self.target = self.getter()
                  ^^^^^^^^^^^^^
..\AppData\Local\Programs\Python\Python313\Lib\pkgutil.py:528: in resolve_name
    result = getattr(result, p)
             ^^^^^^^^^^^^^^^^^^
E   AttributeError: module 'core' has no attribute 'cli'</failure></testcase><testcase classname="tests.test_cli.TestEncodeCommand" name="test_encode_with_stdin_flag" time="0.009" /><testcase classname="tests.test_cli.TestEncodeCommand" name="test_encode_with_output_option" time="0.009" /><testcase classname="tests.test_cli.TestEncodeCommand" name="test_encode_normalize_option" time="0.010" /><testcase classname="tests.test_cli.TestDecodeCommand" name="test_decode_help" time="0.009" /><testcase classname="tests.test_cli.TestDecodeCommand" name="test_decode_no_file" time="0.007" /><testcase classname="tests.test_cli.TestDecodeCommand" name="test_decode_nonexistent_file" time="0.010" /><testcase classname="tests.test_cli.TestAnalogyCommands" name="test_analogy_group_help" time="0.010" /><testcase classname="tests.test_cli.TestAnalogyCommands" name="test_analogy_solve_help" time="0.010" /><testcase classname="tests.test_cli.TestAnalogyCommands" name="test_analogy_solve_top_k_option" time="0.010" /><testcase classname="tests.test_cli.TestAnalogyCommands" name="test_analogy_solve_type_option" time="0.009" /><testcase classname="tests.test_cli.TestAnalogyCommands" name="test_analogy_explain_help" time="0.009" /><testcase classname="tests.test_cli.TestAnalogyCommands" name="test_analogy_solve_invalid_format" time="0.009" /><testcase classname="tests.test_cli.TestSearchCommand" name="test_search_help" time="0.009" /><testcase classname="tests.test_cli.TestSearchCommand" name="test_search_corpus_option" time="0.009" /><testcase classname="tests.test_cli.TestSearchCommand" name="test_search_top_k_option" time="0.009" /><testcase classname="tests.test_cli.TestSearchCommand" name="test_search_mode_option" time="0.009" /><testcase classname="tests.test_cli.TestSearchCommand" name="test_search_threshold_option" time="0.010" /><testcase classname="tests.test_cli.TestSearchCommand" name="test_search_no_corpus" time="0.008" /><testcase classname="tests.test_cli.TestEntitiesCommands" name="test_entities_group_help" time="0.008" /><testcase classname="tests.test_cli.TestEntitiesCommands" name="test_entities_extract_help" time="0.010" /><testcase classname="tests.test_cli.TestEntitiesCommands" name="test_entities_extract_types_option" time="0.010" /><testcase classname="tests.test_cli.TestEntitiesCommands" name="test_entities_extract_relations_option" time="0.011" /><testcase classname="tests.test_cli.TestEntitiesCommands" name="test_entities_extract_no_input" time="0.008" /><testcase classname="tests.test_cli.TestServerCommand" name="test_server_help" time="0.010" /><testcase classname="tests.test_cli.TestServerCommand" name="test_server_host_option" time="0.009" /><testcase classname="tests.test_cli.TestServerCommand" name="test_server_port_option" time="0.009" /><testcase classname="tests.test_cli.TestServerCommand" name="test_server_workers_option" time="0.009" /><testcase classname="tests.test_cli.TestServerCommand" name="test_server_reload_option" time="0.009" /><testcase classname="tests.test_cli.TestServerCommand" name="test_server_log_level_option" time="0.009" /><testcase classname="tests.test_cli.TestConfigCommands" name="test_config_group_help" time="0.009" /><testcase classname="tests.test_cli.TestConfigCommands" name="test_config_show_help" time="0.009" /><testcase classname="tests.test_cli.TestConfigCommands" name="test_config_show_section_option" time="0.009" /><testcase classname="tests.test_cli.TestConfigCommands" name="test_config_set_help" time="0.010" /><testcase classname="tests.test_cli.TestConfigCommands" name="test_config_set_invalid_format" time="0.008" /><testcase classname="tests.test_cli.TestBatchCommands" name="test_batch_group_help" time="0.010" /><testcase classname="tests.test_cli.TestBatchCommands" name="test_batch_encode_help" time="0.011" /><testcase classname="tests.test_cli.TestBatchCommands" name="test_batch_encode_progress_option" time="0.010" /><testcase classname="tests.test_cli.TestBatchCommands" name="test_batch_decode_help" time="0.010" /><testcase classname="tests.test_cli.TestInfoHealthCommands" name="test_info_help" time="0.009" /><testcase classname="tests.test_cli.TestInfoHealthCommands" name="test_health_help" time="0.008" /><testcase classname="tests.test_cli.TestOutputFormats" name="test_json_output_flag" time="0.009" /><testcase classname="tests.test_cli.TestOutputFormats" name="test_text_output_flag" time="0.009" /><testcase classname="tests.test_cli.TestEntryPoint" name="test_main_function_exists" time="0.005"><failure message="ModuleNotFoundError: No module named 'core.cli'">tests\test_cli.py:681: in test_main_function_exists
    from core.cli import main
E   ModuleNotFoundError: No module named 'core.cli'</failure></testcase><testcase classname="tests.test_cli.TestEntryPoint" name="test_cli_callable" time="0.004"><failure message="ModuleNotFoundError: No module named 'core.cli'">tests\test_cli.py:687: in test_cli_callable
    from core.cli import cli
E   ModuleNotFoundError: No module named 'core.cli'</failure></testcase><testcase classname="tests.test_cli.TestCLIIntegration" name="test_full_encode_workflow" time="0.013" /><testcase classname="tests.test_cli.TestCLIIntegration" name="test_full_analogy_workflow" time="0.009" /><testcase classname="tests.test_cli.TestCLIIntegration" name="test_full_search_workflow" time="0.009" /><testcase classname="tests.test_cli.TestErrorHandling" name="test_invalid_command" time="0.007" /><testcase classname="tests.test_cli.TestErrorHandling" name="test_missing_required_argument" time="0.007" /><testcase classname="tests.test_config.TestEnvironment" name="test_environment_values" time="0.003" /><testcase classname="tests.test_config.TestEnvironment" name="test_from_string_valid" time="0.003" /><testcase classname="tests.test_config.TestEnvironment" name="test_from_string_invalid" time="0.003" /><testcase classname="tests.test_config.TestServerConfig" name="test_default_values" time="0.003" /><testcase classname="tests.test_config.TestServerConfig" name="test_from_env" time="0.007" /><testcase classname="tests.test_config.TestRateLimitConfig" name="test_default_values" time="0.003" /><testcase classname="tests.test_config.TestRateLimitConfig" name="test_from_env" time="0.007" /><testcase classname="tests.test_config.TestAuthConfig" name="test_default_values" time="0.003" /><testcase classname="tests.test_config.TestAuthConfig" name="test_validate_api_key_disabled" time="0.003" /><testcase classname="tests.test_config.TestAuthConfig" name="test_validate_api_key_enabled" time="0.003" /><testcase classname="tests.test_config.TestAuthConfig" name="test_from_env_with_api_keys" time="0.007" /><testcase classname="tests.test_config.TestCacheConfig" name="test_default_values" time="0.003" /><testcase classname="tests.test_config.TestCacheConfig" name="test_from_env" time="0.007" /><testcase classname="tests.test_config.TestEncoderConfig" name="test_default_values" time="0.003" /><testcase classname="tests.test_config.TestMonitoringConfig" name="test_default_values" time="0.003" /><testcase classname="tests.test_config.TestFeatureFlags" name="test_default_values" time="0.003" /><testcase classname="tests.test_config.TestFeatureFlags" name="test_is_enabled" time="0.003" /><testcase classname="tests.test_config.TestSecretsManager" name="test_get_set_secret" time="0.004" /><testcase classname="tests.test_config.TestSecretsManager" name="test_get_default" time="0.004" /><testcase classname="tests.test_config.TestSecretsManager" name="test_has_secret" time="0.003" /><testcase classname="tests.test_config.TestSecretsManager" name="test_load_from_file" time="0.011" /><testcase classname="tests.test_config.TestSecretsManager" name="test_hash_secret" time="0.003" /><testcase classname="tests.test_config.TestSecretsManager" name="test_generate_key" time="0.004" /><testcase classname="tests.test_config.TestSecretsManager" name="test_load_from_env" time="0.008" /><testcase classname="tests.test_config.TestSigmalangConfig" name="test_default_config" time="0.003" /><testcase classname="tests.test_config.TestSigmalangConfig" name="test_from_env" time="0.008" /><testcase classname="tests.test_config.TestSigmalangConfig" name="test_environment_defaults_development" time="0.007" /><testcase classname="tests.test_config.TestSigmalangConfig" name="test_environment_defaults_production" time="0.007" /><testcase classname="tests.test_config.TestSigmalangConfig" name="test_is_production" time="0.003" /><testcase classname="tests.test_config.TestSigmalangConfig" name="test_validate_valid_config" time="0.003" /><testcase classname="tests.test_config.TestSigmalangConfig" name="test_validate_invalid_port" time="0.003" /><testcase classname="tests.test_config.TestSigmalangConfig" name="test_validate_production_without_jwt_secret" time="0.004" /><testcase classname="tests.test_config.TestSigmalangConfig" name="test_to_dict" time="0.003" /><testcase classname="tests.test_config.TestGlobalConfig" name="test_get_config_creates_instance" time="0.004" /><testcase classname="tests.test_config.TestGlobalConfig" name="test_get_config_returns_same_instance" time="0.004" /><testcase classname="tests.test_config.TestGlobalConfig" name="test_set_config" time="0.003" /><testcase classname="tests.test_config.TestGlobalConfig" name="test_reset_config" time="0.004" /><testcase classname="tests.test_config.TestUtilityFunctions" name="test_env_bool" time="0.007" /><testcase classname="tests.test_config.TestUtilityFunctions" name="test_env_int" time="0.007" /><testcase classname="tests.test_config.TestUtilityFunctions" name="test_env_float" time="0.007" /><testcase classname="tests.test_config.TestUtilityFunctions" name="test_env_list" time="0.007" /><testcase classname="tests.test_config.TestUtilityFunctions" name="test_load_config_file_json" time="0.010" /><testcase classname="tests.test_config.TestUtilityFunctions" name="test_load_config_file_not_found" time="0.004" /><testcase classname="tests.test_config.TestUtilityFunctions" name="test_merge_configs" time="0.003" /><testcase classname="tests.test_cross_modal_analogies.TestModality" name="test_modality_values" time="0.003" /><testcase classname="tests.test_cross_modal_analogies.TestModality" name="test_modality_uniqueness" time="0.003" /><testcase classname="tests.test_cross_modal_analogies.TestModalityConfig" name="test_default_config" time="0.003" /><testcase classname="tests.test_cross_modal_analogies.TestModalityConfig" name="test_custom_config" time="0.003" /><testcase classname="tests.test_cross_modal_analogies.TestAnalogyPair" name="test_basic_pair" time="0.003" /><testcase classname="tests.test_cross_modal_analogies.TestAnalogyPair" name="test_pair_with_relation" time="0.003" /><testcase classname="tests.test_cross_modal_analogies.TestAnalogyResult" name="test_basic_result" time="0.003" /><testcase classname="tests.test_cross_modal_analogies.TestAnalogyResult" name="test_result_with_candidates" time="0.003" /><testcase classname="tests.test_cross_modal_analogies.TestRelationResult" name="test_relation_result" time="0.003" /><testcase classname="tests.test_cross_modal_analogies.TestModalityProjector" name="test_projector_init" time="0.013" /><testcase classname="tests.test_cross_modal_analogies.TestModalityProjector" name="test_project_source" time="0.014" /><testcase classname="tests.test_cross_modal_analogies.TestModalityProjector" name="test_project_target" time="0.014" /><testcase classname="tests.test_cross_modal_analogies.TestModalityProjector" name="test_projector_deterministic" time="0.015" /><testcase classname="tests.test_cross_modal_analogies.TestModalityProjector" name="test_zero_embedding" time="0.013" /><testcase classname="tests.test_cross_modal_analogies.TestCrossModalEncoder" name="test_encoder_init" time="0.132" /><testcase classname="tests.test_cross_modal_analogies.TestCrossModalEncoder" name="test_encode_text" time="0.122" /><testcase classname="tests.test_cross_modal_analogies.TestCrossModalEncoder" name="test_encode_code" time="0.128" /><testcase classname="tests.test_cross_modal_analogies.TestCrossModalEncoder" name="test_encode_math" time="0.137" /><testcase classname="tests.test_cross_modal_analogies.TestCrossModalEncoder" name="test_encode_batch" time="0.138" /><testcase classname="tests.test_cross_modal_analogies.TestCrossModalEncoder" name="test_cross_modal_similarity" time="0.136" /><testcase classname="tests.test_cross_modal_analogies.TestCrossModalEncoder" name="test_same_text_high_similarity" time="0.132" /><testcase classname="tests.test_cross_modal_analogies.TestCrossModalEncoder" name="test_get_projector" time="0.131" /><testcase classname="tests.test_cross_modal_analogies.TestCrossModalEncoder" name="test_projector_caching" time="0.137" /><testcase classname="tests.test_cross_modal_analogies.TestRelationExtractor" name="test_extract_relation" time="0.173" /><testcase classname="tests.test_cross_modal_analogies.TestRelationExtractor" name="test_relation_has_type" time="0.170" /><testcase classname="tests.test_cross_modal_analogies.TestRelationExtractor" name="test_relation_strength" time="0.185" /><testcase classname="tests.test_cross_modal_analogies.TestRelationExtractor" name="test_relation_caching" time="0.195" /><testcase classname="tests.test_cross_modal_analogies.TestRelationExtractor" name="test_find_similar_relations" time="0.187" /><testcase classname="tests.test_cross_modal_analogies.TestAnalogySolver" name="test_solve_basic" time="0.138" /><testcase classname="tests.test_cross_modal_analogies.TestAnalogySolver" name="test_solve_has_candidates" time="0.156" /><testcase classname="tests.test_cross_modal_analogies.TestAnalogySolver" name="test_solve_has_confidence" time="0.150" /><testcase classname="tests.test_cross_modal_analogies.TestAnalogySolver" name="test_solve_relation_transfer_method" time="0.166" /><testcase classname="tests.test_cross_modal_analogies.TestAnalogySolver" name="test_set_vocabulary" time="0.158" /><testcase classname="tests.test_cross_modal_analogies.TestAnalogySolver" name="test_add_to_vocabulary" time="0.141" /><testcase classname="tests.test_cross_modal_analogies.TestAnalogySolver" name="test_add_duplicate_vocabulary" time="0.178" /><testcase classname="tests.test_cross_modal_analogies.TestAnalogySolver" name="test_evaluate_analogy" time="0.140" /><testcase classname="tests.test_cross_modal_analogies.TestRelationTransfer" name="test_transfer_relation" time="0.181" /><testcase classname="tests.test_cross_modal_analogies.TestRelationTransfer" name="test_generate_analogies" time="0.175" /><testcase classname="tests.test_cross_modal_analogies.TestCrossModalAnalogy" name="test_init" time="0.165" /><testcase classname="tests.test_cross_modal_analogies.TestCrossModalAnalogy" name="test_solve" time="0.170" /><testcase classname="tests.test_cross_modal_analogies.TestCrossModalAnalogy" name="test_set_vocabulary" time="0.163" /><testcase classname="tests.test_cross_modal_analogies.TestCrossModalAnalogy" name="test_add_vocabulary" time="0.161" /><testcase classname="tests.test_cross_modal_analogies.TestCrossModalAnalogy" name="test_extract_relation" time="0.162" /><testcase classname="tests.test_cross_modal_analogies.TestCrossModalAnalogy" name="test_transfer_relation" time="0.181" /><testcase classname="tests.test_cross_modal_analogies.TestCrossModalAnalogy" name="test_generate_analogies" time="0.182" /><testcase classname="tests.test_cross_modal_analogies.TestCrossModalAnalogy" name="test_evaluate" time="0.184" /><testcase classname="tests.test_cross_modal_analogies.TestCrossModalAnalogy" name="test_similarity" time="0.183" /><testcase classname="tests.test_cross_modal_analogies.TestCrossModalAnalogy" name="test_similarity_cross_modal" time="0.185" /><testcase classname="tests.test_cross_modal_analogies.TestCrossModalAnalogy" name="test_solve_cross_modal" time="0.195" /><testcase classname="tests.test_cross_modal_analogies.TestCrossModalAnalogy" name="test_get_encoder" time="0.175" /><testcase classname="tests.test_cross_modal_analogies.TestCrossModalAnalogy" name="test_get_relation_extractor" time="0.173" /><testcase classname="tests.test_cross_modal_analogies.TestConvenienceFunctions" name="test_create_analogy_solver" time="0.176" /><testcase classname="tests.test_cross_modal_analogies.TestConvenienceFunctions" name="test_create_analogy_solver_with_vocab" time="0.172" /><testcase classname="tests.test_cross_modal_analogies.TestConvenienceFunctions" name="test_solve_analogy" time="0.225" /><testcase classname="tests.test_cross_modal_analogies.TestEdgeCases" name="test_empty_vocabulary" time="0.171" /><testcase classname="tests.test_cross_modal_analogies.TestEdgeCases" name="test_same_words" time="0.170" /><testcase classname="tests.test_cross_modal_analogies.TestEdgeCases" name="test_empty_string" time="0.169" /><testcase classname="tests.test_cross_modal_analogies.TestEdgeCases" name="test_special_characters" time="0.175" /><testcase classname="tests.test_cross_modal_analogies.TestEdgeCases" name="test_unicode" time="0.176" /><testcase classname="tests.test_cross_modal_analogies.TestEdgeCases" name="test_long_text" time="0.173" /><testcase classname="tests.test_cross_modal_analogies.TestThreadSafety" name="test_concurrent_encoding" time="0.179" /><testcase classname="tests.test_cross_modal_analogies.TestThreadSafety" name="test_concurrent_solving" time="0.182" /><testcase classname="tests.test_cross_modal_analogies.TestModalities" name="test_all_modalities_encode" time="0.149" /><testcase classname="tests.test_cross_modal_analogies.TestModalities" name="test_modality_affects_embedding" time="0.145" /><testcase classname="tests.test_cross_modal_analogies.TestModalities" name="test_cross_modality_projector" time="0.149" /><testcase classname="tests.test_cross_modal_analogies.TestIntegration" name="test_full_workflow" time="0.191" /><testcase classname="tests.test_cross_modal_analogies.TestIntegration" name="test_modality_chain" time="0.184" /><testcase classname="tests.test_entity_relation_extraction.TestEntityType" name="test_all_types_exist" time="0.004" /><testcase classname="tests.test_entity_relation_extraction.TestEntityType" name="test_from_string" time="0.003" /><testcase classname="tests.test_entity_relation_extraction.TestRelationType" name="test_all_types_exist" time="0.003" /><testcase classname="tests.test_entity_relation_extraction.TestRelationType" name="test_from_string" time="0.003" /><testcase classname="tests.test_entity_relation_extraction.TestEntity" name="test_creation" time="0.004" /><testcase classname="tests.test_entity_relation_extraction.TestEntity" name="test_auto_id_generation" time="0.004" /><testcase classname="tests.test_entity_relation_extraction.TestEntity" name="test_hash_and_equality" time="0.003" /><testcase classname="tests.test_entity_relation_extraction.TestEntity" name="test_to_dict_and_from_dict" time="0.003" /><testcase classname="tests.test_entity_relation_extraction.TestRelation" name="test_creation" time="0.004" /><testcase classname="tests.test_entity_relation_extraction.TestRelation" name="test_hash_and_equality" time="0.004" /><testcase classname="tests.test_entity_relation_extraction.TestRelation" name="test_to_dict_and_from_dict" time="0.004" /><testcase classname="tests.test_entity_relation_extraction.TestExtractionResult" name="test_get_entities_by_type" time="0.004" /><testcase classname="tests.test_entity_relation_extraction.TestExtractionResult" name="test_get_relations_by_type" time="0.004" /><testcase classname="tests.test_entity_relation_extraction.TestExtractionResult" name="test_get_relations_for_entity" time="0.004" /><testcase classname="tests.test_entity_relation_extraction.TestExtractionResult" name="test_to_dict" time="0.004" /><testcase classname="tests.test_entity_relation_extraction.TestEntityPattern" name="test_date_pattern" time="0.004" /><testcase classname="tests.test_entity_relation_extraction.TestEntityPattern" name="test_money_pattern" time="0.005" /><testcase classname="tests.test_entity_relation_extraction.TestEntityPattern" name="test_custom_processor" time="0.004" /><testcase classname="tests.test_entity_relation_extraction.TestRelationPattern" name="test_works_for_pattern" time="0.007" /><testcase classname="tests.test_entity_relation_extraction.TestRelationPattern" name="test_pattern_with_existing_entities" time="0.005" /><testcase classname="tests.test_entity_relation_extraction.TestEntityRecognizer" name="test_recognize_dates" time="0.004" /><testcase classname="tests.test_entity_relation_extraction.TestEntityRecognizer" name="test_recognize_money" time="0.005" /><testcase classname="tests.test_entity_relation_extraction.TestEntityRecognizer" name="test_recognize_percentages" time="0.004" /><testcase classname="tests.test_entity_relation_extraction.TestEntityRecognizer" name="test_recognize_names" time="0.005" /><testcase classname="tests.test_entity_relation_extraction.TestEntityRecognizer" name="test_add_custom_entity" time="0.004" /><testcase classname="tests.test_entity_relation_extraction.TestEntityRecognizer" name="test_add_custom_pattern" time="0.005" /><testcase classname="tests.test_entity_relation_extraction.TestEntityRecognizer" name="test_no_overlapping_entities" time="0.004" /><testcase classname="tests.test_entity_relation_extraction.TestRelationExtractor" name="test_extract_works_for" time="0.005" /><testcase classname="tests.test_entity_relation_extraction.TestRelationExtractor" name="test_extract_located_in" time="0.005" /><testcase classname="tests.test_entity_relation_extraction.TestRelationExtractor" name="test_extract_from_cooccurrence" time="0.004" /><testcase classname="tests.test_entity_relation_extraction.TestRelationExtractor" name="test_add_custom_pattern" time="0.005" /><testcase classname="tests.test_entity_relation_extraction.TestKnowledgeGraph" name="test_add_entity" time="0.004" /><testcase classname="tests.test_entity_relation_extraction.TestKnowledgeGraph" name="test_add_relation" time="0.004" /><testcase classname="tests.test_entity_relation_extraction.TestKnowledgeGraph" name="test_get_entities_by_type" time="0.005" /><testcase classname="tests.test_entity_relation_extraction.TestKnowledgeGraph" name="test_get_relations_by_type" time="0.004" /><testcase classname="tests.test_entity_relation_extraction.TestKnowledgeGraph" name="test_get_neighbors" time="0.004" /><testcase classname="tests.test_entity_relation_extraction.TestKnowledgeGraph" name="test_find_path" time="0.030" /><testcase classname="tests.test_entity_relation_extraction.TestKnowledgeGraph" name="test_find_path_no_connection" time="0.004" /><testcase classname="tests.test_entity_relation_extraction.TestKnowledgeGraph" name="test_query" time="0.004" /><testcase classname="tests.test_entity_relation_extraction.TestKnowledgeGraph" name="test_merge_graphs" time="0.005" /><testcase classname="tests.test_entity_relation_extraction.TestKnowledgeGraph" name="test_to_dict_and_from_dict" time="0.005" /><testcase classname="tests.test_entity_relation_extraction.TestKnowledgeGraph" name="test_to_json" time="0.004" /><testcase classname="tests.test_entity_relation_extraction.TestKnowledgeGraph" name="test_to_cypher" time="0.004" /><testcase classname="tests.test_entity_relation_extraction.TestEntityRelationExtractor" name="test_extract_entities_and_relations" time="0.005" /><testcase classname="tests.test_entity_relation_extraction.TestEntityRelationExtractor" name="test_extract_with_cooccurrence" time="0.005" /><testcase classname="tests.test_entity_relation_extraction.TestEntityRelationExtractor" name="test_batch_extraction" time="0.005" /><testcase classname="tests.test_entity_relation_extraction.TestEntityRelationExtractor" name="test_graph_building" time="0.005" /><testcase classname="tests.test_entity_relation_extraction.TestEntityRelationExtractor" name="test_reset_graph" time="0.005" /><testcase classname="tests.test_entity_relation_extraction.TestEntityRelationExtractor" name="test_add_custom_entity" time="0.005" /><testcase classname="tests.test_entity_relation_extraction.TestConvenienceFunctions" name="test_create_extractor" time="0.004" /><testcase classname="tests.test_entity_relation_extraction.TestConvenienceFunctions" name="test_extract_entities" time="0.004" /><testcase classname="tests.test_entity_relation_extraction.TestConvenienceFunctions" name="test_extract_relations" time="0.005" /><testcase classname="tests.test_entity_relation_extraction.TestConvenienceFunctions" name="test_build_knowledge_graph" time="0.005" /><testcase classname="tests.test_entity_relation_extraction.TestEdgeCases" name="test_empty_text" time="0.004" /><testcase classname="tests.test_entity_relation_extraction.TestEdgeCases" name="test_no_entities" time="0.004" /><testcase classname="tests.test_entity_relation_extraction.TestEdgeCases" name="test_unicode_text" time="0.004" /><testcase classname="tests.test_entity_relation_extraction.TestEdgeCases" name="test_special_characters" time="0.004" /><testcase classname="tests.test_entity_relation_extraction.TestEdgeCases" name="test_very_long_text" time="0.005" /><testcase classname="tests.test_entity_relation_extraction.TestEdgeCases" name="test_overlapping_patterns" time="0.004" /><testcase classname="tests.test_entity_relation_extraction.TestThreadSafety" name="test_concurrent_recognition" time="0.013" /><testcase classname="tests.test_entity_relation_extraction.TestThreadSafety" name="test_concurrent_graph_updates" time="0.031" /><testcase classname="tests.test_entity_relation_extraction.TestThreadSafety" name="test_concurrent_extraction" time="0.033" /><testcase classname="tests.test_entity_relation_extraction.TestIntegration" name="test_full_pipeline" time="0.007" /><testcase classname="tests.test_entity_relation_extraction.TestIntegration" name="test_custom_patterns_integration" time="0.005" /><testcase classname="tests.test_entity_relation_extraction.TestIntegration" name="test_graph_traversal" time="0.007" /><testcase classname="tests.test_feature_expansion.TestPatternObservation" name="test_pattern_observation_creation" time="0.003" /><testcase classname="tests.test_feature_expansion.TestPatternObservation" name="test_update_observation" time="0.004" /><testcase classname="tests.test_feature_expansion.TestPatternObservation" name="test_compute_compression_benefit" time="0.003" /><testcase classname="tests.test_feature_expansion.TestPatternObservation" name="test_compression_benefit_edge_cases" time="0.004" /><testcase classname="tests.test_feature_expansion.TestPatternObserver" name="test_observer_initialization" time="0.004" /><testcase classname="tests.test_feature_expansion.TestPatternObserver" name="test_observe_single_pattern" time="0.004" /><testcase classname="tests.test_feature_expansion.TestPatternObserver" name="test_observe_duplicate_pattern" time="0.004" /><testcase classname="tests.test_feature_expansion.TestPatternObserver" name="test_pattern_promotion_logic" time="0.004" /><testcase classname="tests.test_feature_expansion.TestPatternObserver" name="test_pattern_not_promoted_low_benefit" time="0.004" /><testcase classname="tests.test_feature_expansion.TestPatternObserver" name="test_pattern_not_promoted_low_occurrence" time="0.004" /><testcase classname="tests.test_feature_expansion.TestPatternObserver" name="test_max_patterns_eviction" time="0.004" /><testcase classname="tests.test_feature_expansion.TestPatternObserver" name="test_get_promotion_candidates" time="0.004" /><testcase classname="tests.test_feature_expansion.TestPatternObserver" name="test_save_learned_patterns" time="0.015" /><testcase classname="tests.test_feature_expansion.TestPatternObserver" name="test_get_statistics" time="0.004" /><testcase classname="tests.test_feature_expansion.TestSemanticVectorSpace" name="test_vector_space_initialization" time="0.004" /><testcase classname="tests.test_feature_expansion.TestSemanticVectorSpace" name="test_register_semantic_anchor" time="0.005" /><testcase classname="tests.test_feature_expansion.TestSemanticVectorSpace" name="test_compute_learned_similarity" time="0.008" /><testcase classname="tests.test_feature_expansion.TestSemanticVectorSpace" name="test_similarity_identical_vectors" time="0.008" /><testcase classname="tests.test_feature_expansion.TestApproximateNearestNeighbor" name="test_ann_initialization" time="0.004" /><testcase classname="tests.test_feature_expansion.TestApproximateNearestNeighbor" name="test_add_vector" time="0.013" /><testcase classname="tests.test_feature_expansion.TestApproximateNearestNeighbor" name="test_search_single_vector" time="0.014" /><testcase classname="tests.test_feature_expansion.TestApproximateNearestNeighbor" name="test_search_multiple_vectors" time="0.034" /><testcase classname="tests.test_feature_expansion.TestApproximateNearestNeighbor" name="test_search_empty_index" time="0.013" /><testcase classname="tests.test_feature_expansion.TestApproximateNearestNeighbor" name="test_cosine_similarity" time="0.004" /><testcase classname="tests.test_feature_expansion.TestEntity" name="test_entity_creation" time="0.003" /><testcase classname="tests.test_feature_expansion.TestRelation" name="test_relation_creation" time="0.004" /><testcase classname="tests.test_feature_expansion.TestKnowledgeGraph" name="test_kg_initialization" time="0.003" /><testcase classname="tests.test_feature_expansion.TestKnowledgeGraph" name="test_add_entity" time="0.003" /><testcase classname="tests.test_feature_expansion.TestKnowledgeGraph" name="test_add_relation" time="0.004" /><testcase classname="tests.test_feature_expansion.TestKnowledgeGraph" name="test_get_entity_relations" time="0.003" /><testcase classname="tests.test_feature_expansion.TestKnowledgeGraph" name="test_export_json" time="0.003" /><testcase classname="tests.test_feature_expansion.TestKnowledgeGraph" name="test_get_statistics" time="0.004" /><testcase classname="tests.test_feature_expansion.TestEntityRelationExtractor" name="test_extractor_initialization" time="0.004" /><testcase classname="tests.test_feature_expansion.TestEntityRelationExtractor" name="test_extract_entities" time="0.006" /><testcase classname="tests.test_feature_expansion.TestEntityRelationExtractor" name="test_extract_relations" time="0.004" /><testcase classname="tests.test_feature_expansion.TestEntityRelationExtractor" name="test_build_knowledge_graph" time="0.004" /><testcase classname="tests.test_feature_expansion.TestFeatureIntegration" name="test_pattern_learning_integration" time="0.004" /><testcase classname="tests.test_feature_expansion.TestFeatureIntegration" name="test_analogy_and_search_integration" time="0.028" /><testcase classname="tests.test_feature_expansion.TestFeatureIntegration" name="test_entity_extraction_knowledge_graph" time="0.004" /><testcase classname="tests.test_hd_vs_lsh_benchmark.TestHDVsLSHBenchmarks" name="test_similarity_computation_latency[DatasetComplexity.SIMPLE]" time="116.271" /><testcase classname="tests.test_hd_vs_lsh_benchmark.TestHDVsLSHBenchmarks" name="test_similarity_computation_latency[DatasetComplexity.MODERATE]" time="0.008" /><testcase classname="tests.test_hd_vs_lsh_benchmark.TestHDVsLSHBenchmarks" name="test_similarity_computation_latency[DatasetComplexity.COMPLEX]" time="0.009" /><testcase classname="tests.test_hd_vs_lsh_benchmark.TestHDVsLSHBenchmarks" name="test_ann_search_throughput[10]" time="0.011" /><testcase classname="tests.test_hd_vs_lsh_benchmark.TestHDVsLSHBenchmarks" name="test_ann_search_throughput[100]" time="0.051" /><testcase classname="tests.test_hd_vs_lsh_benchmark.TestHDVsLSHBenchmarks" name="test_ann_search_throughput[1000]" time="0.473" /><testcase classname="tests.test_hd_vs_lsh_benchmark.TestHDVsLSHBenchmarks" name="test_semantic_accuracy" time="0.156" /><testcase classname="tests.test_hd_vs_lsh_benchmark.TestHDVsLSHBenchmarks" name="test_memory_efficiency[100]" time="0.004" /><testcase classname="tests.test_hd_vs_lsh_benchmark.TestHDVsLSHBenchmarks" name="test_memory_efficiency[1000]" time="0.004" /><testcase classname="tests.test_hd_vs_lsh_benchmark.TestHDVsLSHBenchmarks" name="test_memory_efficiency[10000]" time="0.004" /><testcase classname="tests.test_hd_vs_lsh_benchmark.TestHDVsLSHBenchmarks" name="test_scalability_analysis" time="0.561" /><testcase classname="tests.test_hd_vs_lsh_benchmark.TestHDVsLSHBenchmarks" name="test_generate_benchmark_report" time="0.313"><failure message="TypeError: Object of type bool is not JSON serializable">tests\test_hd_vs_lsh_benchmark.py:471: in test_generate_benchmark_report
    output_file = benchmark_suite.save_results()
                  ^^^^^^^^^^^^^^^^^^^^^^^^^^^^^^
tests\benchmarking_utils.py:276: in save_results
    json.dump(results_data, f, indent=2)
..\AppData\Local\Programs\Python\Python313\Lib\json\__init__.py:179: in dump
    for chunk in iterable:
                 ^^^^^^^^
..\AppData\Local\Programs\Python\Python313\Lib\json\encoder.py:433: in _iterencode
    yield from _iterencode_dict(o, _current_indent_level)
..\AppData\Local\Programs\Python\Python313\Lib\json\encoder.py:407: in _iterencode_dict
    yield from chunks
..\AppData\Local\Programs\Python\Python313\Lib\json\encoder.py:326: in _iterencode_list
    yield from chunks
..\AppData\Local\Programs\Python\Python313\Lib\json\encoder.py:407: in _iterencode_dict
    yield from chunks
..\AppData\Local\Programs\Python\Python313\Lib\json\encoder.py:440: in _iterencode
    o = _default(o)
        ^^^^^^^^^^^
..\AppData\Local\Programs\Python\Python313\Lib\json\encoder.py:180: in default
    raise TypeError(f'Object of type {o.__class__.__name__} '
E   TypeError: Object of type bool is not JSON serializable</failure></testcase><testcase time="0.001" /></testsuite></testsuites>